HINAWA_0_6_0 {
  global:
    "hinawa_fw_req_get_type";

    "hinawa_fw_resp_get_type";

    "hinawa_fw_fcp_get_type";

    "hinawa_snd_unit_get_type";
    "hinawa_snd_unit_open";
    "hinawa_snd_unit_lock";
    "hinawa_snd_unit_unlock";

    "hinawa_snd_dice_get_type";
    "hinawa_snd_dice_open";

    "hinawa_snd_efw_get_type";
    "hinawa_snd_efw_open";
  local:
    *;
};

HINAWA_0_7_0 {
  global:
    "hinawa_snd_dg00x_get_type";
    "hinawa_snd_dg00x_open";
} HINAWA_0_6_0;

HINAWA_0_8_0 {
  global:
    "hinawa_snd_motu_get_type";
    "hinawa_snd_motu_open";
} HINAWA_0_7_0;

HINAWA_1_0_0 {
  global:
    "hinawa_fw_tcode_get_type";
    "hinawa_fw_rcode_get_type";
    "hinawa_snd_unit_type_get_type";

    "hinawa_sigs_marshal_ENUM__ENUM";
} HINAWA_0_8_0;

HINAWA_1_1_0 {
    "hinawa_snd_tscm_get_type";
    "hinawa_snd_tscm_open";
    "hinawa_sigs_marshal_VOID__UINT_UINT_UINT";
    "hinawa_snd_tscm_get_state";
} HINAWA_1_0_0;

HINAWA_1_3_0 {
    "hinawa_fw_req_new";
    "hinawa_fw_resp_new";
    "hinawa_fw_fcp_new";
    "hinawa_snd_unit_new";
    "hinawa_snd_dice_new";
    "hinawa_snd_efw_new";
    "hinawa_snd_dg00x_new";
    "hinawa_snd_motu_new";
    "hinawa_snd_tscm_new";
} HINAWA_1_1_0;

HINAWA_1_4_0 {
    "hinawa_fw_node_get_type";
    "hinawa_fw_node_new";
    "hinawa_fw_node_open";
    "hinawa_fw_node_create_source";

    "hinawa_snd_unit_create_source";

    "hinawa_fw_resp_reserve";
    "hinawa_fw_resp_release";

    "hinawa_fw_fcp_bind";
    "hinawa_fw_fcp_unbind";

    "hinawa_snd_efw_transaction";
    "hinawa_snd_dice_transaction";
} HINAWA_1_3_0;

HINAWA_2_0_0 {
    "hinawa_fw_node_get_config_rom";

    "hinawa_fw_fcp_transaction";

    "hinawa_fw_resp_get_req_frame";
    "hinawa_fw_resp_set_resp_frame";

    "hinawa_fw_req_transaction";

    "hinawa_snd_unit_get_node";
} HINAWA_1_4_0;

HINAWA_2_1_0 {
    "hinawa_fw_node_error_get_type";
    "hinawa_fw_node_error_quark";

    "hinawa_fw_req_error_quark";

    "hinawa_fw_fcp_error_get_type";
    "hinawa_fw_fcp_error_quark";

    "hinawa_snd_unit_error_get_type";
    "hinawa_snd_unit_error_quark";

    "hinawa_snd_dice_error_get_type";
    "hinawa_snd_dice_error_quark";

    "hinawa_snd_efw_status_get_type";
    "hinawa_snd_efw_error_quark";

    "hinawa_fw_req_transaction_async";
    "hinawa_fw_req_transaction_sync";

    "hinawa_snd_efw_transaction_async";
    "hinawa_snd_efw_transaction_sync";

    "hinawa_fw_fcp_command";
    "hinawa_fw_fcp_avc_transaction";
} HINAWA_2_0_0;

HINAWA_2_2_0 {
  global:
    "hinawa_fw_resp_error_get_type";
    "hinawa_fw_resp_error_quark";
} HINAWA_2_1_0;

HINAWA_2_3_0 {
  global:
    "hinawa_fw_resp_reserve_within_region";
} HINAWA_2_2_0;

HINAWA_2_4_0 {
  global:
    "hinawa_snd_motu_read_register_dsp_parameter";
    "hinawa_snd_motu_read_register_dsp_meter";
    "hinawa_snd_motu_read_command_dsp_meter";

    "hinawa_snd_motu_register_dsp_parameter_get_type";
    "hinawa_snd_motu_register_dsp_parameter_new";
    "hinawa_snd_motu_register_dsp_parameter_get_mixer_source_gain";
    "hinawa_snd_motu_register_dsp_parameter_get_mixer_source_pan";
    "hinawa_snd_motu_register_dsp_parameter_get_mixer_source_flag";
    "hinawa_snd_motu_register_dsp_parameter_get_mixer_source_paired_balance";
    "hinawa_snd_motu_register_dsp_parameter_get_mixer_source_paired_width";
    "hinawa_snd_motu_register_dsp_parameter_get_mixer_output_paired_volume";
    "hinawa_snd_motu_register_dsp_parameter_get_mixer_output_paired_flag";
    "hinawa_snd_motu_register_dsp_parameter_get_main_output_paired_volume";
    "hinawa_snd_motu_register_dsp_parameter_get_headphone_output_paired_volume";
    "hinawa_snd_motu_register_dsp_parameter_get_headphone_output_paired_assignment";
    "hinawa_snd_motu_register_dsp_parameter_get_line_input_boost_flag";
    "hinawa_snd_motu_register_dsp_parameter_get_line_input_nominal_level_flag";
    "hinawa_snd_motu_register_dsp_parameter_get_input_gain_and_invert";
    "hinawa_snd_motu_register_dsp_parameter_get_input_flag";
} HINAWA_2_3_0;

HINAWA_2_5_0 {
  global:
    "hinawa_fw_req_error_get_type";
} HINAWA_2_3_0;
