HINAWA_0_6_0 {
  global:
    "hinawa_fw_req_get_type";

    "hinawa_fw_resp_get_type";

    "hinawa_fw_fcp_get_type";
  local:
    *;
};

HINAWA_0_7_0 {
} HINAWA_0_6_0;

HINAWA_0_8_0 {
} HINAWA_0_7_0;

HINAWA_1_0_0 {
  global:
    "hinawa_fw_tcode_get_type";
    "hinawa_fw_rcode_get_type";

    "hinawa_sigs_marshal_ENUM__ENUM";
} HINAWA_0_8_0;

HINAWA_1_1_0 {
} HINAWA_1_0_0;

HINAWA_1_3_0 {
    "hinawa_fw_req_new";
    "hinawa_fw_resp_new";
    "hinawa_fw_fcp_new";
} HINAWA_1_1_0;

HINAWA_1_4_0 {
    "hinawa_fw_node_get_type";
    "hinawa_fw_node_new";
    "hinawa_fw_node_create_source";

    "hinawa_fw_resp_reserve";
    "hinawa_fw_resp_release";

    "hinawa_fw_fcp_bind";
    "hinawa_fw_fcp_unbind";
} HINAWA_1_3_0;

HINAWA_2_0_0 {
    "hinawa_fw_node_get_config_rom";

    "hinawa_fw_fcp_transaction";

    "hinawa_fw_resp_get_req_frame";
    "hinawa_fw_resp_set_resp_frame";

    "hinawa_fw_req_transaction";
} HINAWA_1_4_0;

HINAWA_2_1_0 {
    "hinawa_fw_node_error_get_type";
    "hinawa_fw_node_error_quark";

    "hinawa_fw_req_error_quark";

    "hinawa_fw_fcp_error_get_type";
    "hinawa_fw_fcp_error_quark";

    "hinawa_fw_req_transaction_async";
    "hinawa_fw_req_transaction_sync";

    "hinawa_fw_fcp_command";
    "hinawa_fw_fcp_avc_transaction";
} HINAWA_2_0_0;

HINAWA_2_2_0 {
  global:
    "hinawa_fw_resp_error_get_type";
    "hinawa_fw_resp_error_quark";
} HINAWA_2_1_0;

HINAWA_2_3_0 {
  global:
    "hinawa_fw_resp_reserve_within_region";
} HINAWA_2_2_0;

HINAWA_2_4_0 {
} HINAWA_2_3_0;

HINAWA_2_5_0 {
  global:
    "hinawa_fw_req_error_get_type";
} HINAWA_2_3_0;

HINAWA_2_6_0 {
  global:
    "hinawa_cycle_time_get_type";
    "hinawa_cycle_time_new";
    "hinawa_cycle_time_get_system_time";
    "hinawa_cycle_time_get_clock_id";
    "hinawa_cycle_time_get_fields";
    "hinawa_cycle_time_get_raw";
    "hinawa_cycle_time_compute_tstamp";
    "hinawa_cycle_time_parse_tstamp";

    "hinawa_fw_node_read_cycle_time";

    "hinawa_fw_req_request";
    "hinawa_fw_req_transaction_with_tstamp";

    "hinawa_fw_fcp_command_with_tstamp";
    "hinawa_fw_fcp_avc_transaction_with_tstamp";
} HINAWA_2_5_0;

HINAWA_3_0_0 {
  global:
    "hinawa_fw_node_open";
} HINAWA_2_6_0;
