HINAWA_0_6_0 {
  global:
    "hinawa_fw_unit_get_type";
    "hinawa_fw_unit_open";
    "hinawa_fw_unit_quark";
    "hinawa_fw_unit_listen";
    "hinawa_fw_unit_unlisten";

    "hinawa_fw_req_get_type";
    "hinawa_fw_req_quark";

    "hinawa_fw_resp_get_type";
    "hinawa_fw_resp_quark";
    "hinawa_fw_resp_register";
    "hinawa_fw_resp_unregister";

    "hinawa_fw_fcp_get_type";
    "hinawa_fw_fcp_quark";
    "hinawa_fw_fcp_listen";
    "hinawa_fw_fcp_unlisten";

    "hinawa_snd_unit_get_type";
    "hinawa_snd_unit_open";
    "hinawa_snd_unit_quark";
    "hinawa_snd_unit_listen";
    "hinawa_snd_unit_unlisten";
    "hinawa_snd_unit_lock";
    "hinawa_snd_unit_unlock";

    "hinawa_snd_dice_get_type";
    "hinawa_snd_dice_open";
    "hinawa_snd_dice_quark";
    "hinawa_snd_dice_transact";

    "hinawa_snd_efw_get_type";
    "hinawa_snd_efw_open";
    "hinawa_snd_efw_quark";
    "hinawa_snd_efw_transact";
  local:
    *;
};

HINAWA_0_7_0 {
  global:
    "hinawa_snd_dg00x_get_type";
    "hinawa_snd_dg00x_open";
    "hinawa_snd_dg00x_quark";
} HINAWA_0_6_0;

HINAWA_0_8_0 {
  global:
    "hinawa_snd_motu_get_type";
    "hinawa_snd_motu_open";
    "hinawa_snd_motu_quark";
} HINAWA_0_7_0;

HINAWA_1_0_0 {
  global:
    "hinawa_fw_tcode_get_type";
    "hinawa_fw_rcode_get_type";
    "hinawa_snd_unit_type_get_type";

    "hinawa_fw_resp_get_req_frame";
    "hinawa_fw_resp_set_resp_frame";
    "hinawa_sigs_marshal_ENUM__ENUM";

    "hinawa_fw_req_read";
    "hinawa_fw_req_write";
    "hinawa_fw_req_lock";

    "hinawa_fw_unit_get_config_rom";

    "hinawa_fw_fcp_transact";
} HINAWA_0_8_0;

HINAWA_1_1_0 {
    "hinawa_snd_tscm_get_type";
    "hinawa_snd_tscm_open";
    "hinawa_snd_tscm_quark";
    "hinawa_sigs_marshal_VOID__UINT_UINT_UINT";
    "hinawa_snd_tscm_get_state";
} HINAWA_1_0_0;

HINAWA_1_3_0 {
    "hinawa_fw_unit_new";
    "hinawa_fw_req_new";
    "hinawa_fw_resp_new";
    "hinawa_fw_fcp_new";
    "hinawa_snd_unit_new";
    "hinawa_snd_dice_new";
    "hinawa_snd_efw_new";
    "hinawa_snd_dg00x_new";
};
